// Jest Snapshot v1, https://goo.gl/fbAQLP

exports[`registration-form tests render content tests should match snapshot 1`] = `
<div
  className="registration-wrapper"
>
  <h1
    className="registration-form__title"
  >
    Register
  </h1>
  <h2
    className="registration-form__header"
  >
    Manage all your lottery efficiently
  </h2>
  <p
    className="registration-form__text"
  >
    Let's get you all set up so you can verify your personal account and begin setting up your profile
  </p>
  <form
    className="registration-form"
    onSubmit={[Function]}
  >
    <div
      className="input-wrapper"
    >
      <label
        className="text-input-label"
        htmlFor="first-name"
      >
        First Name
        
      </label>
      <input
        className="text-input text-input--invalid text-input--empty"
        id="first-name"
        name="firstName"
        onChange={[Function]}
        type="text"
        value=""
      />
    </div>
    <div
      className="input-wrapper"
    >
      <label
        className="text-input-label"
        htmlFor="last-name"
      >
        Last Name
        
      </label>
      <input
        className="text-input text-input--invalid text-input--empty"
        id="last-name"
        name="lastName"
        onChange={[Function]}
        type="text"
        value=""
      />
    </div>
    <div
      className="input-wrapper"
    >
      <label
        className="text-input-label"
        htmlFor="phone-number"
      >
        Phone Number
        
      </label>
      <input
        className="text-input text-input--invalid text-input--empty"
        id="phone-number"
        name="phone"
        onChange={[Function]}
        type="tel"
        value=""
      />
    </div>
    <div
      className="input-wrapper"
    >
      <label
        className="text-input-label"
        htmlFor="email"
      >
        Email
        
      </label>
      <input
        className="text-input text-input--invalid text-input--empty"
        id="email"
        name="email"
        onChange={[Function]}
        type="email"
        value=""
      />
    </div>
    <div
      className="input-wrapper"
    >
      <label
        className="text-input-label"
        htmlFor="password"
      >
        Password
        
      </label>
      <input
        className="text-input text-input--invalid text-input--empty"
        id="password"
        name="password"
        onChange={[Function]}
        type="password"
        value=""
      />
      <span
        className="password-visibility"
        onClick={[Function]}
      >
        <svg
          aria-hidden="true"
          className="svg-inline--fa fa-eye-slash fa-w-20 "
          data-icon="eye-slash"
          data-prefix="far"
          focusable="false"
          role="img"
          style={Object {}}
          viewBox="0 0 640 512"
          xmlns="http://www.w3.org/2000/svg"
        >
          <path
            d="M634 471L36 3.51A16 16 0 0 0 13.51 6l-10 12.49A16 16 0 0 0 6 41l598 467.49a16 16 0 0 0 22.49-2.49l10-12.49A16 16 0 0 0 634 471zM296.79 146.47l134.79 105.38C429.36 191.91 380.48 144 320 144a112.26 112.26 0 0 0-23.21 2.47zm46.42 219.07L208.42 260.16C210.65 320.09 259.53 368 320 368a113 113 0 0 0 23.21-2.46zM320 112c98.65 0 189.09 55 237.93 144a285.53 285.53 0 0 1-44 60.2l37.74 29.5a333.7 333.7 0 0 0 52.9-75.11 32.35 32.35 0 0 0 0-29.19C550.29 135.59 442.93 64 320 64c-36.7 0-71.71 7-104.63 18.81l46.41 36.29c18.94-4.3 38.34-7.1 58.22-7.1zm0 288c-98.65 0-189.08-55-237.93-144a285.47 285.47 0 0 1 44.05-60.19l-37.74-29.5a333.6 333.6 0 0 0-52.89 75.1 32.35 32.35 0 0 0 0 29.19C89.72 376.41 197.08 448 320 448c36.7 0 71.71-7.05 104.63-18.81l-46.41-36.28C359.28 397.2 339.89 400 320 400z"
            fill="currentColor"
            style={Object {}}
          />
        </svg>
      </span>
    </div>
    <div
      className="input-wrapper"
    >
      <label
        className="text-input-label"
        htmlFor="repeat-password"
      >
        Repeat Password
        
      </label>
      <input
        className="text-input text-input--invalid text-input--empty"
        id="repeat-password"
        name="repeatPassword"
        onChange={[Function]}
        type="password"
        value=""
      />
      <span
        className="password-visibility"
        onClick={[Function]}
      >
        <svg
          aria-hidden="true"
          className="svg-inline--fa fa-eye-slash fa-w-20 "
          data-icon="eye-slash"
          data-prefix="far"
          focusable="false"
          role="img"
          style={Object {}}
          viewBox="0 0 640 512"
          xmlns="http://www.w3.org/2000/svg"
        >
          <path
            d="M634 471L36 3.51A16 16 0 0 0 13.51 6l-10 12.49A16 16 0 0 0 6 41l598 467.49a16 16 0 0 0 22.49-2.49l10-12.49A16 16 0 0 0 634 471zM296.79 146.47l134.79 105.38C429.36 191.91 380.48 144 320 144a112.26 112.26 0 0 0-23.21 2.47zm46.42 219.07L208.42 260.16C210.65 320.09 259.53 368 320 368a113 113 0 0 0 23.21-2.46zM320 112c98.65 0 189.09 55 237.93 144a285.53 285.53 0 0 1-44 60.2l37.74 29.5a333.7 333.7 0 0 0 52.9-75.11 32.35 32.35 0 0 0 0-29.19C550.29 135.59 442.93 64 320 64c-36.7 0-71.71 7-104.63 18.81l46.41 36.29c18.94-4.3 38.34-7.1 58.22-7.1zm0 288c-98.65 0-189.08-55-237.93-144a285.47 285.47 0 0 1 44.05-60.19l-37.74-29.5a333.6 333.6 0 0 0-52.89 75.1 32.35 32.35 0 0 0 0 29.19C89.72 376.41 197.08 448 320 448c36.7 0 71.71-7.05 104.63-18.81l-46.41-36.28C359.28 397.2 339.89 400 320 400z"
            fill="currentColor"
            style={Object {}}
          />
        </svg>
      </span>
    </div>
    <div
      className="registration-form__column registration-form__column--wide"
    >
      <div
        className="checkbox-wrapper"
      >
        
        <input
          checked={false}
          className="checkbox-input "
          id="receive-emails"
          name="acceptReceiveEmails"
          onChange={[Function]}
          type="checkbox"
        />
        <label
          className="checkbox-label"
          htmlFor="receive-emails"
        >
          Yes, I want to receive Lottery Display emails
        </label>
      </div>
      <div
        className="checkbox-wrapper"
      >
        
        <input
          checked={false}
          className="checkbox-input "
          id="accept-terms"
          name="acceptTerms"
          onChange={[Function]}
          type="checkbox"
        />
        <label
          className="checkbox-label"
          htmlFor="accept-terms"
        >
          I agree to the all
        </label>
        <p>
          <a
            className="registration-form__link"
            href="#"
          >
            Â Term,
             
          </a>
          <a
            className="registration-form__link"
            href="#"
          >
            Privacy Policy
             
          </a>
          and
           
          <a
            className="registration-form__link"
            href="#"
          >
            Fees
          </a>
        </p>
      </div>
    </div>
    <button
      className="registration-form__submit"
      type="submit"
    >
      Create Account
    </button>
    <div
      className="registration-form__column registration-form__column--wide"
    >
      <p>
        Already have an account?
         
        <a
          className="registration-form__link"
          href="#"
        >
          Log In
        </a>
      </p>
    </div>
  </form>
</div>
`;
